             VMA              LMA     Size Align Out     In      Symbol
             2a8              2a8       1c     1 .interp
             2a8              2a8       1c     1         <internal>:(.interp)
             2c4              2c4       20     4 .note.ABI-tag
             2c4              2c4       20     4         /lib/x86_64-linux-gnu/Scrt1.o:(.note.ABI-tag)
             2c4              2c4       20     1                 __abi_tag
             2e4              2e4       18     4 .note.gnu.build-id
             2e4              2e4       18     4         <internal>:(.note.gnu.build-id)
             300              300       a8     8 .dynsym
             300              300       a8     8         <internal>:(.dynsym)
             3a8              3a8        e     2 .gnu.version
             3a8              3a8        e     2         <internal>:(.gnu.version)
             3b8              3b8       30     4 .gnu.version_r
             3b8              3b8       30     4         <internal>:(.gnu.version_r)
             3e8              3e8       1c     8 .gnu.hash
             3e8              3e8       1c     8         <internal>:(.gnu.hash)
             404              404       8f     1 .dynstr
             404              404       8f     1         <internal>:(.dynstr)
             498              498       c0     8 .rela.dyn
             498              498       c0     8         <internal>:(.rela.dyn)
             558              558       30     8 .rela.plt
             558              558       30     8         <internal>:(.rela.plt)
             588              588       10     4 .rodata
             588              588        4     4         <internal>:(.rodata)
             58c              58c        c     1         <internal>:(.rodata)
             598              598       2c     4 .eh_frame_hdr
             598              598       2c     4         <internal>:(.eh_frame_hdr)
             5c8              5c8       84     8 .eh_frame
             5c8              5c8       2c     1         /lib/x86_64-linux-gnu/Scrt1.o:(.eh_frame+0x0)
             5f8              5f8       18     1         simple2.o:(.eh_frame+0x18)
             610              610       14     1         simple.o:(.eh_frame+0x18)
             628              628       1c     1         simple.o:(.eh_frame+0x2c)
            1650             1650      13d    16 .text
            1650             1650       26    16         /lib/x86_64-linux-gnu/Scrt1.o:(.text)
            1650             1650       26     1                 _start
            1676             1676        0     1         /lib/x86_64-linux-gnu/crti.o:(.text)
            1680             1680       b9    16         /usr/bin/../lib/gcc/x86_64-linux-gnu/12/crtbeginS.o:(.text)
            1680             1680        0     1                 deregister_tm_clones
            16b0             16b0        0     1                 register_tm_clones
            16f0             16f0        0     1                 __do_global_dtors_aux
            1730             1730        0     1                 frame_dummy
            1740             1740        4    16         simple2.o:(.text)
            1740             1740        4     1                 f2
            1750             1750       3d    16         simple.o:(.text)
            1750             1750        4     1                 f
            1760             1760       2d     1                 main
            178d             178d        0     1         /usr/bin/../lib/gcc/x86_64-linux-gnu/12/crtendS.o:(.text)
            178d             178d        0     1         /lib/x86_64-linux-gnu/crtn.o:(.text)
            1790             1790       1b     4 .init
            1790             1790       16     4         /lib/x86_64-linux-gnu/crti.o:(.init)
            1790             1790        0     1                 _init
            17a6             17a6        5     1         /lib/x86_64-linux-gnu/crtn.o:(.init)
            17ac             17ac        d     4 .fini
            17ac             17ac        8     4         /lib/x86_64-linux-gnu/crti.o:(.fini)
            17ac             17ac        0     1                 _fini
            17b4             17b4        5     1         /lib/x86_64-linux-gnu/crtn.o:(.fini)
            17c0             17c0       30    16 .plt
            17c0             17c0       30    16         <internal>:(.plt)
            27f0             27f0        8     8 .fini_array
            27f0             27f0        8     8         /usr/bin/../lib/gcc/x86_64-linux-gnu/12/crtbeginS.o:(.fini_array)
            27f0             27f0        0     1                 __do_global_dtors_aux_fini_array_entry
            27f8             27f8        8     8 .init_array
            27f8             27f8        8     8         /usr/bin/../lib/gcc/x86_64-linux-gnu/12/crtbeginS.o:(.init_array)
            27f8             27f8        0     1                 __frame_dummy_init_array_entry
            2800             2800      1a0     8 .dynamic
            2800             2800      1a0     8         <internal>:(.dynamic)
            29a0             29a0       28     8 .got
            29a0             29a0       28     8         <internal>:(.got)
            39c8             39c8       10     8 .data
            39c8             39c8        4     1         /lib/x86_64-linux-gnu/Scrt1.o:(.data)
            39c8             39c8        0     1                 data_start
            39c8             39c8        0     1                 __data_start
            39cc             39cc        0     1         /lib/x86_64-linux-gnu/crti.o:(.data)
            39cc             39cc        0     1         /usr/bin/../lib/gcc/x86_64-linux-gnu/12/crtbeginS.o:(.data)
            39d0             39d0        8     8         /usr/bin/../lib/gcc/x86_64-linux-gnu/12/crtbeginS.o:(.data.rel.local)
            39d0             39d0        0     1                 __dso_handle
            39d8             39d8        0     1         /usr/bin/../lib/gcc/x86_64-linux-gnu/12/crtendS.o:(.data)
            39d8             39d8        0     1         /lib/x86_64-linux-gnu/crtn.o:(.data)
            39d8             39d8        0     8 .tm_clone_table
            39d8             39d8        0     8         /usr/bin/../lib/gcc/x86_64-linux-gnu/12/crtbeginS.o:(.tm_clone_table)
            39d8             39d8        0     1                 __TMC_LIST__
            39d8             39d8        0     8         /usr/bin/../lib/gcc/x86_64-linux-gnu/12/crtendS.o:(.tm_clone_table)
            39d8             39d8        0     1                 __TMC_END__
            39d8             39d8       28     8 .got.plt
            39d8             39d8       28     8         <internal>:(.got.plt)
            3a00             3a00        1     1 .bss
            3a00             3a00        0     1         /lib/x86_64-linux-gnu/Scrt1.o:(.bss)
            3a00             3a00        0     1         /lib/x86_64-linux-gnu/crti.o:(.bss)
            3a00             3a00        1     1         /usr/bin/../lib/gcc/x86_64-linux-gnu/12/crtbeginS.o:(.bss)
            3a00             3a00        1     1                 completed.0
            3a01             3a01        0     1         /usr/bin/../lib/gcc/x86_64-linux-gnu/12/crtendS.o:(.bss)
            3a01             3a01        0     1         /lib/x86_64-linux-gnu/crtn.o:(.bss)
               0                0       6d     1 .comment
               0                0       6d     1         <internal>:(.comment)
               0                0      106     1 .debug_abbrev
               0                0       4b     1         simple2.o:(.debug_abbrev)
              4b               4b       bb     1         simple.o:(.debug_abbrev)
               0                0       f3     1 .debug_info
               0                0       42     1         simple2.o:(.debug_info)
              42               42       b1     1         simple.o:(.debug_info)
               0                0       64     1 .debug_str_offsets
               0                0       20     1         simple2.o:(.debug_str_offsets)
              20               20       44     1         simple.o:(.debug_str_offsets)
               0                0       a8     1 .debug_str
               0                0       a8     1         <internal>:(.debug_str)
               0                0       30     1 .debug_addr
               0                0       10     1         simple2.o:(.debug_addr)
              10               10       20     1         simple.o:(.debug_addr)
               0                0       d2     1 .debug_line
               0                0       5e     1         simple2.o:(.debug_line)
              5e               5e       74     1         simple.o:(.debug_line)
               0                0       50     1 .debug_line_str
               0                0       50     1         <internal>:(.debug_line_str)
               0                0       4d     1 .debug_loclists
               0                0       4d     1         simple.o:(.debug_loclists)
               0                0      330     8 .symtab
               0                0      330     8         <internal>:(.symtab)
               0                0      188     1 .shstrtab
               0                0      188     1         <internal>:(.shstrtab)
               0                0      1d4     1 .strtab
               0                0      1d4     1         <internal>:(.strtab)
